<html>
<body>
<pre>
<h1>µVision Build Log</h1>
<h2>Project:</h2>
E:\hiflying\LPB100_Project\LPB100-HSF-V1.51\example\projects\LPBExample.uvproj
Project File Date:  12/28/2015

<h2>Output:</h2>
Rebuild target 'LPBExample'
compiling startup.c...
..\startup.c(293): warning: A1488W: PROC/FUNC at line 84 in '..\\startup.c' without matching ENDP/ENDFUNC
compiling attest.c...
compiling gpiotest.c...
compiling callbacktest.c...
compiling threadtest.c...
compiling timertest.c...
compiling filetest.c...
compiling uflashtest.c...
compiling sockettest.c...
compiling irtest.c...
compiling url_callback_test.c...
compiling wifitest.c...
compiling updatetest.c...
compiling uarttest.c...
linking...
LPBS2W.sct(14): warning: L6314W: No section matches pattern *.o(.mach2.init).
LPBS2W.sct(18): warning: L6314W: No section matches pattern *.o(.mach6.init).
LPBS2W.sct(19): warning: L6314W: No section matches pattern *.o(.mach7.init).
LPBS2W.sct(23): warning: L6314W: No section matches pattern *.o(.shell0.cmd).
LPBS2W.sct(25): warning: L6314W: No section matches pattern *.o(.shell2.cmd).
Program Size: Code=413892 RO-data=27536 RW-data=7864 ZI-data=68400  
Finished: 0 information, 5 warning and 0 error messages.
FromELF: creating hex file...
After Build - User command #1: fromelf.exe --bin --output ./output/LPBS2W.bin ./output/LPBS2W.axf
After Build - User command #2: LPB100_IMG_Tools.exe ./output/LPBS2W.bin ./output/LPBS2W_UPGARDE.bin
".\output\LPBS2W.axf" - 0 Error(s), 6 Warning(s).
</pre>
</body>
</html>
